ERROR 2026-05-16 00:59:45,805 log 11596 15900 Internal Server Error: /admin/users/user/add/
Traceback (most recent call last):
  File "C:\Users\91637\OneDrive\Documents\Akash Panda\Django Project\kalahandi-tourism\.venv\Lib\site-packages\django\core\handlers\exception.py", line 55, in inner
    response = get_response(request)
  File "C:\Users\91637\OneDrive\Documents\Akash Panda\Django Project\kalahandi-tourism\.venv\Lib\site-packages\django\core\handlers\base.py", line 220, in _get_response
    response = response.render()
  File "C:\Users\91637\OneDrive\Documents\Akash Panda\Django Project\kalahandi-tourism\.venv\Lib\site-packages\django\template\response.py", line 114, in render
    self.content = self.rendered_content
                   ^^^^^^^^^^^^^^^^^^^^^
  File "C:\Users\91637\OneDrive\Documents\Akash Panda\Django Project\kalahandi-tourism\.venv\Lib\site-packages\django\template\response.py", line 92, in rendered_content
    return template.render(context, self._request)
           ~~~~~~~~~~~~~~~^^^^^^^^^^^^^^^^^^^^^^^^
  File "C:\Users\91637\OneDrive\Documents\Akash Panda\Django Project\kalahandi-tourism\.venv\Lib\site-packages\django\template\backends\django.py", line 107, in render
    return self.template.render(context)
           ~~~~~~~~~~~~~~~~~~~~^^^^^^^^^
  File "C:\Users\91637\OneDrive\Documents\Akash Panda\Django Project\kalahandi-tourism\.venv\Lib\site-packages\django\template\base.py", line 171, in render
    return self._render(context)
           ~~~~~~~~~~~~^^^^^^^^^
  File "C:\Users\91637\OneDrive\Documents\Akash Panda\Django Project\kalahandi-tourism\.venv\Lib\site-packages\django\template\base.py", line 163, in _render
    return self.nodelist.render(context)
           ~~~~~~~~~~~~~~~~~~~~^^^^^^^^^
  File "C:\Users\91637\OneDrive\Documents\Akash Panda\Django Project\kalahandi-tourism\.venv\Lib\site-packages\django\template\base.py", line 1008, in render
    return SafeString("".join([node.render_annotated(context) for node in self]))
                               ~~~~~~~~~~~~~~~~~~~~~^^^^^^^^^
  File "C:\Users\91637\OneDrive\Documents\Akash Panda\Django Project\kalahandi-tourism\.venv\Lib\site-packages\django\template\base.py", line 969, in render_annotated
    return self.render(context)
           ~~~~~~~~~~~^^^^^^^^^
  File "C:\Users\91637\OneDrive\Documents\Akash Panda\Django Project\kalahandi-tourism\.venv\Lib\site-packages\django\template\loader_tags.py", line 159, in render
    return compiled_parent._render(context)
           ~~~~~~~~~~~~~~~~~~~~~~~^^^^^^^^^
  File "C:\Users\91637\OneDrive\Documents\Akash Panda\Django Project\kalahandi-tourism\.venv\Lib\site-packages\django\template\base.py", line 163, in _render
    return self.nodelist.render(context)
           ~~~~~~~~~~~~~~~~~~~~^^^^^^^^^
  File "C:\Users\91637\OneDrive\Documents\Akash Panda\Django Project\kalahandi-tourism\.venv\Lib\site-packages\django\template\base.py", line 1008, in render
    return SafeString("".join([node.render_annotated(context) for node in self]))
                               ~~~~~~~~~~~~~~~~~~~~~^^^^^^^^^
  File "C:\Users\91637\OneDrive\Documents\Akash Panda\Django Project\kalahandi-tourism\.venv\Lib\site-packages\django\template\base.py", line 969, in render_annotated
    return self.render(context)
           ~~~~~~~~~~~^^^^^^^^^
  File "C:\Users\91637\OneDrive\Documents\Akash Panda\Django Project\kalahandi-tourism\.venv\Lib\site-packages\django\template\loader_tags.py", line 159, in render
    return compiled_parent._render(context)
           ~~~~~~~~~~~~~~~~~~~~~~~^^^^^^^^^
  File "C:\Users\91637\OneDrive\Documents\Akash Panda\Django Project\kalahandi-tourism\.venv\Lib\site-packages\django\template\base.py", line 163, in _render
    return self.nodelist.render(context)
           ~~~~~~~~~~~~~~~~~~~~^^^^^^^^^
  File "C:\Users\91637\OneDrive\Documents\Akash Panda\Django Project\kalahandi-tourism\.venv\Lib\site-packages\django\template\base.py", line 1008, in render
    return SafeString("".join([node.render_annotated(context) for node in self]))
                               ~~~~~~~~~~~~~~~~~~~~~^^^^^^^^^
  File "C:\Users\91637\OneDrive\Documents\Akash Panda\Django Project\kalahandi-tourism\.venv\Lib\site-packages\django\template\base.py", line 969, in render_annotated
    return self.render(context)
           ~~~~~~~~~~~^^^^^^^^^
  File "C:\Users\91637\OneDrive\Documents\Akash Panda\Django Project\kalahandi-tourism\.venv\Lib\site-packages\django\template\loader_tags.py", line 159, in render
    return compiled_parent._render(context)
           ~~~~~~~~~~~~~~~~~~~~~~~^^^^^^^^^
  File "C:\Users\91637\OneDrive\Documents\Akash Panda\Django Project\kalahandi-tourism\.venv\Lib\site-packages\django\template\base.py", line 163, in _render
    return self.nodelist.render(context)
           ~~~~~~~~~~~~~~~~~~~~^^^^^^^^^
  File "C:\Users\91637\OneDrive\Documents\Akash Panda\Django Project\kalahandi-tourism\.venv\Lib\site-packages\django\template\base.py", line 1008, in render
    return SafeString("".join([node.render_annotated(context) for node in self]))
                               ~~~~~~~~~~~~~~~~~~~~~^^^^^^^^^
  File "C:\Users\91637\OneDrive\Documents\Akash Panda\Django Project\kalahandi-tourism\.venv\Lib\site-packages\django\template\base.py", line 969, in render_annotated
    return self.render(context)
           ~~~~~~~~~~~^^^^^^^^^
  File "C:\Users\91637\OneDrive\Documents\Akash Panda\Django Project\kalahandi-tourism\.venv\Lib\site-packages\django\template\loader_tags.py", line 65, in render
    result = block.nodelist.render(context)
  File "C:\Users\91637\OneDrive\Documents\Akash Panda\Django Project\kalahandi-tourism\.venv\Lib\site-packages\django\template\base.py", line 1008, in render
    return SafeString("".join([node.render_annotated(context) for node in self]))
                               ~~~~~~~~~~~~~~~~~~~~~^^^^^^^^^
  File "C:\Users\91637\OneDrive\Documents\Akash Panda\Django Project\kalahandi-tourism\.venv\Lib\site-packages\django\template\base.py", line 969, in render_annotated
    return self.render(context)
           ~~~~~~~~~~~^^^^^^^^^
  File "C:\Users\91637\OneDrive\Documents\Akash Panda\Django Project\kalahandi-tourism\.venv\Lib\site-packages\django\template\loader_tags.py", line 65, in render
    result = block.nodelist.render(context)
  File "C:\Users\91637\OneDrive\Documents\Akash Panda\Django Project\kalahandi-tourism\.venv\Lib\site-packages\django\template\base.py", line 1008, in render
    return SafeString("".join([node.render_annotated(context) for node in self]))
                               ~~~~~~~~~~~~~~~~~~~~~^^^^^^^^^
  File "C:\Users\91637\OneDrive\Documents\Akash Panda\Django Project\kalahandi-tourism\.venv\Lib\site-packages\django\template\base.py", line 969, in render_annotated
    return self.render(context)
           ~~~~~~~~~~~^^^^^^^^^
  File "C:\Users\91637\OneDrive\Documents\Akash Panda\Django Project\kalahandi-tourism\.venv\Lib\site-packages\django\contrib\admin\templatetags\base.py", line 45, in render
    return super().render(context)
           ~~~~~~~~~~~~~~^^^^^^^^^
  File "C:\Users\91637\OneDrive\Documents\Akash Panda\Django Project\kalahandi-tourism\.venv\Lib\site-packages\django\template\library.py", line 273, in render
    new_context = context.new(_dict)
  File "C:\Users\91637\OneDrive\Documents\Akash Panda\Django Project\kalahandi-tourism\.venv\Lib\site-packages\django\template\context.py", line 275, in new
    new_context = super().new(values)
  File "C:\Users\91637\OneDrive\Documents\Akash Panda\Django Project\kalahandi-tourism\.venv\Lib\site-packages\django\template\context.py", line 112, in new
    new_context = copy(self)
  File "C:\Users\91637\AppData\Local\Python\pythoncore-3.14-64\Lib\copy.py", line 82, in copy
    return copier(x)
  File "C:\Users\91637\OneDrive\Documents\Akash Panda\Django Project\kalahandi-tourism\.venv\Lib\site-packages\django\template\context.py", line 160, in __copy__
    duplicate = super().__copy__()
  File "C:\Users\91637\OneDrive\Documents\Akash Panda\Django Project\kalahandi-tourism\.venv\Lib\site-packages\django\template\context.py", line 41, in __copy__
    duplicate.dicts = self.dicts[:]
    ^^^^^^^^^^^^^^^
AttributeError: 'super' object has no attribute 'dicts' and no __dict__ for setting new attributes
ERROR 2026-05-16 00:59:45,812 basehttp 11596 15900 "GET /admin/users/user/add/ HTTP/1.1" 500 486155
ERROR 2026-05-16 01:11:14,426 log 21484 21672 Internal Server Error: /api/v1/auth/register/
ERROR 2026-05-16 01:11:16,379 log 21484 21672 Internal Server Error: /api/v1/auth/register/
ERROR 2026-05-16 01:11:19,447 log 21484 21672 Internal Server Error: /api/v1/auth/login/
ERROR 2026-05-16 01:11:22,064 log 21484 21672 Internal Server Error: /api/v1/auth/login/
ERROR 2026-05-16 01:11:24,597 log 21484 21672 Internal Server Error: /api/v1/auth/me/
ERROR 2026-05-16 01:11:27,065 log 21484 21672 Internal Server Error: /api/v1/auth/change-password/
ERROR 2026-05-16 01:11:29,685 log 21484 21672 Internal Server Error: /api/v1/places/
ERROR 2026-05-16 01:11:32,107 log 21484 21672 Internal Server Error: /api/v1/places/test-beach/
ERROR 2026-05-16 01:11:34,168 log 21484 21672 Internal Server Error: /api/v1/places/
ERROR 2026-05-16 01:11:37,419 log 21484 21672 Internal Server Error: /api/v1/places/
ERROR 2026-05-16 01:11:43,322 log 21484 21672 Internal Server Error: /api/v1/places/
ERROR 2026-05-16 01:11:46,634 log 21484 21672 Internal Server Error: /api/v1/places/
ERROR 2026-05-16 01:11:48,067 log 21484 21672 Internal Server Error: /api/v1/places/test-beach/nearby/
ERROR 2026-05-16 01:11:49,957 log 21484 21672 Internal Server Error: /api/v1/places/test-beach/favorite/
ERROR 2026-05-16 01:11:51,682 log 21484 21672 Internal Server Error: /api/v1/places/featured/
ERROR 2026-05-16 01:11:53,288 log 21484 21672 Internal Server Error: /api/v1/places/categories/
ERROR 2026-05-16 01:11:54,415 log 21484 21672 Internal Server Error: /api/v1/places/categories/
ERROR 2026-05-16 01:12:00,023 log 21484 21672 Internal Server Error: /api/v1/bookings/
ERROR 2026-05-16 01:12:03,148 log 21484 21672 Internal Server Error: /api/v1/bookings/
ERROR 2026-05-16 01:12:06,837 log 21484 21672 Internal Server Error: /api/v1/bookings/
ERROR 2026-05-16 01:12:09,106 log 21484 21672 Internal Server Error: /api/v1/bookings/
ERROR 2026-05-16 01:12:12,699 log 21484 21672 Internal Server Error: /api/v1/bookings/
ERROR 2026-05-16 01:12:14,188 log 21484 21672 Internal Server Error: /api/v1/bookings/stats/
ERROR 2026-05-16 01:12:14,673 log 21484 21672 Internal Server Error: /api/v1/cabs/types/
ERROR 2026-05-16 01:12:15,426 log 21484 21672 Internal Server Error: /api/v1/cabs/bookings/estimate_fare/
ERROR 2026-05-16 01:12:18,176 log 21484 21672 Internal Server Error: /api/v1/cabs/bookings/
ERROR 2026-05-16 01:12:22,631 log 21484 21672 Internal Server Error: /api/v1/reviews/
ERROR 2026-05-16 01:12:26,340 log 21484 21672 Internal Server Error: /api/v1/reviews/
ERROR 2026-05-16 01:12:31,328 log 21484 21672 Internal Server Error: /api/v1/reviews/
ERROR 2026-05-16 01:12:35,022 log 21484 21672 Internal Server Error: /api/v1/reviews/
ERROR 2026-05-16 01:12:36,407 log 21484 21672 Internal Server Error: /api/v1/travel-plans/
ERROR 2026-05-16 01:12:38,279 log 21484 21672 Internal Server Error: /api/v1/travel-plans/
ERROR 2026-05-16 01:12:42,467 log 21484 21672 Internal Server Error: /api/v1/travel-plans/
ERROR 2026-05-16 01:12:44,222 log 21484 21672 Internal Server Error: /api/v1/travel-plans/
ERROR 2026-05-16 01:12:47,091 log 21484 21672 Internal Server Error: /api/v1/analytics/dashboard/
ERROR 2026-05-16 01:12:48,015 log 21484 21672 Internal Server Error: /api/v1/analytics/dashboard/
ERROR 2026-05-16 01:12:49,008 log 21484 21672 Internal Server Error: /api/v1/analytics/daily/
ERROR 2026-05-16 01:12:49,967 log 21484 21672 Internal Server Error: /api/v1/analytics/monthly/
ERROR 2026-05-16 01:12:52,243 log 21484 21672 Internal Server Error: /api/v1/analytics/yearly/
ERROR 2026-05-16 01:12:53,680 log 21484 21672 Internal Server Error: /api/v1/analytics/top-places/
ERROR 2026-05-16 01:12:56,740 log 21484 21672 Internal Server Error: /api/v1/analytics/export/bookings/
ERROR 2026-05-16 01:13:00,068 log 21484 21672 Internal Server Error: /api/v1/analytics/export/revenue/
ERROR 2026-05-16 01:13:02,976 log 21484 21672 Internal Server Error: /api/v1/notifications/
ERROR 2026-05-16 01:18:19,835 log 11596 21072 Internal Server Error: /admin/places/category/add/
Traceback (most recent call last):
  File "C:\Users\91637\OneDrive\Documents\Akash Panda\Django Project\kalahandi-tourism\.venv\Lib\site-packages\django\core\handlers\exception.py", line 55, in inner
    response = get_response(request)
  File "C:\Users\91637\OneDrive\Documents\Akash Panda\Django Project\kalahandi-tourism\.venv\Lib\site-packages\django\core\handlers\base.py", line 220, in _get_response
    response = response.render()
  File "C:\Users\91637\OneDrive\Documents\Akash Panda\Django Project\kalahandi-tourism\.venv\Lib\site-packages\django\template\response.py", line 114, in render
    self.content = self.rendered_content
                   ^^^^^^^^^^^^^^^^^^^^^
  File "C:\Users\91637\OneDrive\Documents\Akash Panda\Django Project\kalahandi-tourism\.venv\Lib\site-packages\django\template\response.py", line 92, in rendered_content
    return template.render(context, self._request)
           ~~~~~~~~~~~~~~~^^^^^^^^^^^^^^^^^^^^^^^^
  File "C:\Users\91637\OneDrive\Documents\Akash Panda\Django Project\kalahandi-tourism\.venv\Lib\site-packages\django\template\backends\django.py", line 107, in render
    return self.template.render(context)
           ~~~~~~~~~~~~~~~~~~~~^^^^^^^^^
  File "C:\Users\91637\OneDrive\Documents\Akash Panda\Django Project\kalahandi-tourism\.venv\Lib\site-packages\django\template\base.py", line 171, in render
    return self._render(context)
           ~~~~~~~~~~~~^^^^^^^^^
  File "C:\Users\91637\OneDrive\Documents\Akash Panda\Django Project\kalahandi-tourism\.venv\Lib\site-packages\django\template\base.py", line 163, in _render
    return self.nodelist.render(context)
           ~~~~~~~~~~~~~~~~~~~~^^^^^^^^^
  File "C:\Users\91637\OneDrive\Documents\Akash Panda\Django Project\kalahandi-tourism\.venv\Lib\site-packages\django\template\base.py", line 1008, in render
    return SafeString("".join([node.render_annotated(context) for node in self]))
                               ~~~~~~~~~~~~~~~~~~~~~^^^^^^^^^
  File "C:\Users\91637\OneDrive\Documents\Akash Panda\Django Project\kalahandi-tourism\.venv\Lib\site-packages\django\template\base.py", line 969, in render_annotated
    return self.render(context)
           ~~~~~~~~~~~^^^^^^^^^
  File "C:\Users\91637\OneDrive\Documents\Akash Panda\Django Project\kalahandi-tourism\.venv\Lib\site-packages\django\template\loader_tags.py", line 159, in render
    return compiled_parent._render(context)
           ~~~~~~~~~~~~~~~~~~~~~~~^^^^^^^^^
  File "C:\Users\91637\OneDrive\Documents\Akash Panda\Django Project\kalahandi-tourism\.venv\Lib\site-packages\django\template\base.py", line 163, in _render
    return self.nodelist.render(context)
           ~~~~~~~~~~~~~~~~~~~~^^^^^^^^^
  File "C:\Users\91637\OneDrive\Documents\Akash Panda\Django Project\kalahandi-tourism\.venv\Lib\site-packages\django\template\base.py", line 1008, in render
    return SafeString("".join([node.render_annotated(context) for node in self]))
                               ~~~~~~~~~~~~~~~~~~~~~^^^^^^^^^
  File "C:\Users\91637\OneDrive\Documents\Akash Panda\Django Project\kalahandi-tourism\.venv\Lib\site-packages\django\template\base.py", line 969, in render_annotated
    return self.render(context)
           ~~~~~~~~~~~^^^^^^^^^
  File "C:\Users\91637\OneDrive\Documents\Akash Panda\Django Project\kalahandi-tourism\.venv\Lib\site-packages\django\template\loader_tags.py", line 159, in render
    return compiled_parent._render(context)
           ~~~~~~~~~~~~~~~~~~~~~~~^^^^^^^^^
  File "C:\Users\91637\OneDrive\Documents\Akash Panda\Django Project\kalahandi-tourism\.venv\Lib\site-packages\django\template\base.py", line 163, in _render
    return self.nodelist.render(context)
           ~~~~~~~~~~~~~~~~~~~~^^^^^^^^^
  File "C:\Users\91637\OneDrive\Documents\Akash Panda\Django Project\kalahandi-tourism\.venv\Lib\site-packages\django\template\base.py", line 1008, in render
    return SafeString("".join([node.render_annotated(context) for node in self]))
                               ~~~~~~~~~~~~~~~~~~~~~^^^^^^^^^
  File "C:\Users\91637\OneDrive\Documents\Akash Panda\Django Project\kalahandi-tourism\.venv\Lib\site-packages\django\template\base.py", line 969, in render_annotated
    return self.render(context)
           ~~~~~~~~~~~^^^^^^^^^
  File "C:\Users\91637\OneDrive\Documents\Akash Panda\Django Project\kalahandi-tourism\.venv\Lib\site-packages\django\template\loader_tags.py", line 65, in render
    result = block.nodelist.render(context)
  File "C:\Users\91637\OneDrive\Documents\Akash Panda\Django Project\kalahandi-tourism\.venv\Lib\site-packages\django\template\base.py", line 1008, in render
    return SafeString("".join([node.render_annotated(context) for node in self]))
                               ~~~~~~~~~~~~~~~~~~~~~^^^^^^^^^
  File "C:\Users\91637\OneDrive\Documents\Akash Panda\Django Project\kalahandi-tourism\.venv\Lib\site-packages\django\template\base.py", line 969, in render_annotated
    return self.render(context)
           ~~~~~~~~~~~^^^^^^^^^
  File "C:\Users\91637\OneDrive\Documents\Akash Panda\Django Project\kalahandi-tourism\.venv\Lib\site-packages\django\template\loader_tags.py", line 65, in render
    result = block.nodelist.render(context)
  File "C:\Users\91637\OneDrive\Documents\Akash Panda\Django Project\kalahandi-tourism\.venv\Lib\site-packages\django\template\base.py", line 1008, in render
    return SafeString("".join([node.render_annotated(context) for node in self]))
                               ~~~~~~~~~~~~~~~~~~~~~^^^^^^^^^
  File "C:\Users\91637\OneDrive\Documents\Akash Panda\Django Project\kalahandi-tourism\.venv\Lib\site-packages\django\template\base.py", line 969, in render_annotated
    return self.render(context)
           ~~~~~~~~~~~^^^^^^^^^
  File "C:\Users\91637\OneDrive\Documents\Akash Panda\Django Project\kalahandi-tourism\.venv\Lib\site-packages\django\contrib\admin\templatetags\base.py", line 45, in render
    return super().render(context)
           ~~~~~~~~~~~~~~^^^^^^^^^
  File "C:\Users\91637\OneDrive\Documents\Akash Panda\Django Project\kalahandi-tourism\.venv\Lib\site-packages\django\template\library.py", line 273, in render
    new_context = context.new(_dict)
  File "C:\Users\91637\OneDrive\Documents\Akash Panda\Django Project\kalahandi-tourism\.venv\Lib\site-packages\django\template\context.py", line 275, in new
    new_context = super().new(values)
  File "C:\Users\91637\OneDrive\Documents\Akash Panda\Django Project\kalahandi-tourism\.venv\Lib\site-packages\django\template\context.py", line 112, in new
    new_context = copy(self)
  File "C:\Users\91637\AppData\Local\Python\pythoncore-3.14-64\Lib\copy.py", line 82, in copy
    return copier(x)
  File "C:\Users\91637\OneDrive\Documents\Akash Panda\Django Project\kalahandi-tourism\.venv\Lib\site-packages\django\template\context.py", line 160, in __copy__
    duplicate = super().__copy__()
  File "C:\Users\91637\OneDrive\Documents\Akash Panda\Django Project\kalahandi-tourism\.venv\Lib\site-packages\django\template\context.py", line 41, in __copy__
    duplicate.dicts = self.dicts[:]
    ^^^^^^^^^^^^^^^
AttributeError: 'super' object has no attribute 'dicts' and no __dict__ for setting new attributes
ERROR 2026-05-16 01:18:19,856 basehttp 11596 21072 "GET /admin/places/category/add/ HTTP/1.1" 500 437705
ERROR 2026-05-16 01:18:55,858 log 11596 21072 Internal Server Error: /admin/bookings/booking/add/
Traceback (most recent call last):
  File "C:\Users\91637\OneDrive\Documents\Akash Panda\Django Project\kalahandi-tourism\.venv\Lib\site-packages\django\core\handlers\exception.py", line 55, in inner
    response = get_response(request)
  File "C:\Users\91637\OneDrive\Documents\Akash Panda\Django Project\kalahandi-tourism\.venv\Lib\site-packages\django\core\handlers\base.py", line 220, in _get_response
    response = response.render()
  File "C:\Users\91637\OneDrive\Documents\Akash Panda\Django Project\kalahandi-tourism\.venv\Lib\site-packages\django\template\response.py", line 114, in render
    self.content = self.rendered_content
                   ^^^^^^^^^^^^^^^^^^^^^
  File "C:\Users\91637\OneDrive\Documents\Akash Panda\Django Project\kalahandi-tourism\.venv\Lib\site-packages\django\template\response.py", line 92, in rendered_content
    return template.render(context, self._request)
           ~~~~~~~~~~~~~~~^^^^^^^^^^^^^^^^^^^^^^^^
  File "C:\Users\91637\OneDrive\Documents\Akash Panda\Django Project\kalahandi-tourism\.venv\Lib\site-packages\django\template\backends\django.py", line 107, in render
    return self.template.render(context)
           ~~~~~~~~~~~~~~~~~~~~^^^^^^^^^
  File "C:\Users\91637\OneDrive\Documents\Akash Panda\Django Project\kalahandi-tourism\.venv\Lib\site-packages\django\template\base.py", line 171, in render
    return self._render(context)
           ~~~~~~~~~~~~^^^^^^^^^
  File "C:\Users\91637\OneDrive\Documents\Akash Panda\Django Project\kalahandi-tourism\.venv\Lib\site-packages\django\template\base.py", line 163, in _render
    return self.nodelist.render(context)
           ~~~~~~~~~~~~~~~~~~~~^^^^^^^^^
  File "C:\Users\91637\OneDrive\Documents\Akash Panda\Django Project\kalahandi-tourism\.venv\Lib\site-packages\django\template\base.py", line 1008, in render
    return SafeString("".join([node.render_annotated(context) for node in self]))
                               ~~~~~~~~~~~~~~~~~~~~~^^^^^^^^^
  File "C:\Users\91637\OneDrive\Documents\Akash Panda\Django Project\kalahandi-tourism\.venv\Lib\site-packages\django\template\base.py", line 969, in render_annotated
    return self.render(context)
           ~~~~~~~~~~~^^^^^^^^^
  File "C:\Users\91637\OneDrive\Documents\Akash Panda\Django Project\kalahandi-tourism\.venv\Lib\site-packages\django\template\loader_tags.py", line 159, in render
    return compiled_parent._render(context)
           ~~~~~~~~~~~~~~~~~~~~~~~^^^^^^^^^
  File "C:\Users\91637\OneDrive\Documents\Akash Panda\Django Project\kalahandi-tourism\.venv\Lib\site-packages\django\template\base.py", line 163, in _render
    return self.nodelist.render(context)
           ~~~~~~~~~~~~~~~~~~~~^^^^^^^^^
  File "C:\Users\91637\OneDrive\Documents\Akash Panda\Django Project\kalahandi-tourism\.venv\Lib\site-packages\django\template\base.py", line 1008, in render
    return SafeString("".join([node.render_annotated(context) for node in self]))
                               ~~~~~~~~~~~~~~~~~~~~~^^^^^^^^^
  File "C:\Users\91637\OneDrive\Documents\Akash Panda\Django Project\kalahandi-tourism\.venv\Lib\site-packages\django\template\base.py", line 969, in render_annotated
    return self.render(context)
           ~~~~~~~~~~~^^^^^^^^^
  File "C:\Users\91637\OneDrive\Documents\Akash Panda\Django Project\kalahandi-tourism\.venv\Lib\site-packages\django\template\loader_tags.py", line 159, in render
    return compiled_parent._render(context)
           ~~~~~~~~~~~~~~~~~~~~~~~^^^^^^^^^
  File "C:\Users\91637\OneDrive\Documents\Akash Panda\Django Project\kalahandi-tourism\.venv\Lib\site-packages\django\template\base.py", line 163, in _render
    return self.nodelist.render(context)
           ~~~~~~~~~~~~~~~~~~~~^^^^^^^^^
  File "C:\Users\91637\OneDrive\Documents\Akash Panda\Django Project\kalahandi-tourism\.venv\Lib\site-packages\django\template\base.py", line 1008, in render
    return SafeString("".join([node.render_annotated(context) for node in self]))
                               ~~~~~~~~~~~~~~~~~~~~~^^^^^^^^^
  File "C:\Users\91637\OneDrive\Documents\Akash Panda\Django Project\kalahandi-tourism\.venv\Lib\site-packages\django\template\base.py", line 969, in render_annotated
    return self.render(context)
           ~~~~~~~~~~~^^^^^^^^^
  File "C:\Users\91637\OneDrive\Documents\Akash Panda\Django Project\kalahandi-tourism\.venv\Lib\site-packages\django\template\loader_tags.py", line 65, in render
    result = block.nodelist.render(context)
  File "C:\Users\91637\OneDrive\Documents\Akash Panda\Django Project\kalahandi-tourism\.venv\Lib\site-packages\django\template\base.py", line 1008, in render
    return SafeString("".join([node.render_annotated(context) for node in self]))
                               ~~~~~~~~~~~~~~~~~~~~~^^^^^^^^^
  File "C:\Users\91637\OneDrive\Documents\Akash Panda\Django Project\kalahandi-tourism\.venv\Lib\site-packages\django\template\base.py", line 969, in render_annotated
    return self.render(context)
           ~~~~~~~~~~~^^^^^^^^^
  File "C:\Users\91637\OneDrive\Documents\Akash Panda\Django Project\kalahandi-tourism\.venv\Lib\site-packages\django\template\loader_tags.py", line 65, in render
    result = block.nodelist.render(context)
  File "C:\Users\91637\OneDrive\Documents\Akash Panda\Django Project\kalahandi-tourism\.venv\Lib\site-packages\django\template\base.py", line 1008, in render
    return SafeString("".join([node.render_annotated(context) for node in self]))
                               ~~~~~~~~~~~~~~~~~~~~~^^^^^^^^^
  File "C:\Users\91637\OneDrive\Documents\Akash Panda\Django Project\kalahandi-tourism\.venv\Lib\site-packages\django\template\base.py", line 969, in render_annotated
    return self.render(context)
           ~~~~~~~~~~~^^^^^^^^^
  File "C:\Users\91637\OneDrive\Documents\Akash Panda\Django Project\kalahandi-tourism\.venv\Lib\site-packages\django\contrib\admin\templatetags\base.py", line 45, in render
    return super().render(context)
           ~~~~~~~~~~~~~~^^^^^^^^^
  File "C:\Users\91637\OneDrive\Documents\Akash Panda\Django Project\kalahandi-tourism\.venv\Lib\site-packages\django\template\library.py", line 273, in render
    new_context = context.new(_dict)
  File "C:\Users\91637\OneDrive\Documents\Akash Panda\Django Project\kalahandi-tourism\.venv\Lib\site-packages\django\template\context.py", line 275, in new
    new_context = super().new(values)
  File "C:\Users\91637\OneDrive\Documents\Akash Panda\Django Project\kalahandi-tourism\.venv\Lib\site-packages\django\template\context.py", line 112, in new
    new_context = copy(self)
  File "C:\Users\91637\AppData\Local\Python\pythoncore-3.14-64\Lib\copy.py", line 82, in copy
    return copier(x)
  File "C:\Users\91637\OneDrive\Documents\Akash Panda\Django Project\kalahandi-tourism\.venv\Lib\site-packages\django\template\context.py", line 160, in __copy__
    duplicate = super().__copy__()
  File "C:\Users\91637\OneDrive\Documents\Akash Panda\Django Project\kalahandi-tourism\.venv\Lib\site-packages\django\template\context.py", line 41, in __copy__
    duplicate.dicts = self.dicts[:]
    ^^^^^^^^^^^^^^^
AttributeError: 'super' object has no attribute 'dicts' and no __dict__ for setting new attributes
ERROR 2026-05-16 01:18:55,871 basehttp 11596 21072 "GET /admin/bookings/booking/add/ HTTP/1.1" 500 437770
ERROR 2026-05-16 01:19:03,418 log 11596 21072 Internal Server Error: /admin/payments/payment/add/
Traceback (most recent call last):
  File "C:\Users\91637\OneDrive\Documents\Akash Panda\Django Project\kalahandi-tourism\.venv\Lib\site-packages\django\core\handlers\exception.py", line 55, in inner
    response = get_response(request)
  File "C:\Users\91637\OneDrive\Documents\Akash Panda\Django Project\kalahandi-tourism\.venv\Lib\site-packages\django\core\handlers\base.py", line 220, in _get_response
    response = response.render()
  File "C:\Users\91637\OneDrive\Documents\Akash Panda\Django Project\kalahandi-tourism\.venv\Lib\site-packages\django\template\response.py", line 114, in render
    self.content = self.rendered_content
                   ^^^^^^^^^^^^^^^^^^^^^
  File "C:\Users\91637\OneDrive\Documents\Akash Panda\Django Project\kalahandi-tourism\.venv\Lib\site-packages\django\template\response.py", line 92, in rendered_content
    return template.render(context, self._request)
           ~~~~~~~~~~~~~~~^^^^^^^^^^^^^^^^^^^^^^^^
  File "C:\Users\91637\OneDrive\Documents\Akash Panda\Django Project\kalahandi-tourism\.venv\Lib\site-packages\django\template\backends\django.py", line 107, in render
    return self.template.render(context)
           ~~~~~~~~~~~~~~~~~~~~^^^^^^^^^
  File "C:\Users\91637\OneDrive\Documents\Akash Panda\Django Project\kalahandi-tourism\.venv\Lib\site-packages\django\template\base.py", line 171, in render
    return self._render(context)
           ~~~~~~~~~~~~^^^^^^^^^
  File "C:\Users\91637\OneDrive\Documents\Akash Panda\Django Project\kalahandi-tourism\.venv\Lib\site-packages\django\template\base.py", line 163, in _render
    return self.nodelist.render(context)
           ~~~~~~~~~~~~~~~~~~~~^^^^^^^^^
  File "C:\Users\91637\OneDrive\Documents\Akash Panda\Django Project\kalahandi-tourism\.venv\Lib\site-packages\django\template\base.py", line 1008, in render
    return SafeString("".join([node.render_annotated(context) for node in self]))
                               ~~~~~~~~~~~~~~~~~~~~~^^^^^^^^^
  File "C:\Users\91637\OneDrive\Documents\Akash Panda\Django Project\kalahandi-tourism\.venv\Lib\site-packages\django\template\base.py", line 969, in render_annotated
    return self.render(context)
           ~~~~~~~~~~~^^^^^^^^^
  File "C:\Users\91637\OneDrive\Documents\Akash Panda\Django Project\kalahandi-tourism\.venv\Lib\site-packages\django\template\loader_tags.py", line 159, in render
    return compiled_parent._render(context)
           ~~~~~~~~~~~~~~~~~~~~~~~^^^^^^^^^
  File "C:\Users\91637\OneDrive\Documents\Akash Panda\Django Project\kalahandi-tourism\.venv\Lib\site-packages\django\template\base.py", line 163, in _render
    return self.nodelist.render(context)
           ~~~~~~~~~~~~~~~~~~~~^^^^^^^^^
  File "C:\Users\91637\OneDrive\Documents\Akash Panda\Django Project\kalahandi-tourism\.venv\Lib\site-packages\django\template\base.py", line 1008, in render
    return SafeString("".join([node.render_annotated(context) for node in self]))
                               ~~~~~~~~~~~~~~~~~~~~~^^^^^^^^^
  File "C:\Users\91637\OneDrive\Documents\Akash Panda\Django Project\kalahandi-tourism\.venv\Lib\site-packages\django\template\base.py", line 969, in render_annotated
    return self.render(context)
           ~~~~~~~~~~~^^^^^^^^^
  File "C:\Users\91637\OneDrive\Documents\Akash Panda\Django Project\kalahandi-tourism\.venv\Lib\site-packages\django\template\loader_tags.py", line 159, in render
    return compiled_parent._render(context)
           ~~~~~~~~~~~~~~~~~~~~~~~^^^^^^^^^
  File "C:\Users\91637\OneDrive\Documents\Akash Panda\Django Project\kalahandi-tourism\.venv\Lib\site-packages\django\template\base.py", line 163, in _render
    return self.nodelist.render(context)
           ~~~~~~~~~~~~~~~~~~~~^^^^^^^^^
  File "C:\Users\91637\OneDrive\Documents\Akash Panda\Django Project\kalahandi-tourism\.venv\Lib\site-packages\django\template\base.py", line 1008, in render
    return SafeString("".join([node.render_annotated(context) for node in self]))
                               ~~~~~~~~~~~~~~~~~~~~~^^^^^^^^^
  File "C:\Users\91637\OneDrive\Documents\Akash Panda\Django Project\kalahandi-tourism\.venv\Lib\site-packages\django\template\base.py", line 969, in render_annotated
    return self.render(context)
           ~~~~~~~~~~~^^^^^^^^^
  File "C:\Users\91637\OneDrive\Documents\Akash Panda\Django Project\kalahandi-tourism\.venv\Lib\site-packages\django\template\loader_tags.py", line 65, in render
    result = block.nodelist.render(context)
  File "C:\Users\91637\OneDrive\Documents\Akash Panda\Django Project\kalahandi-tourism\.venv\Lib\site-packages\django\template\base.py", line 1008, in render
    return SafeString("".join([node.render_annotated(context) for node in self]))
                               ~~~~~~~~~~~~~~~~~~~~~^^^^^^^^^
  File "C:\Users\91637\OneDrive\Documents\Akash Panda\Django Project\kalahandi-tourism\.venv\Lib\site-packages\django\template\base.py", line 969, in render_annotated
    return self.render(context)
           ~~~~~~~~~~~^^^^^^^^^
  File "C:\Users\91637\OneDrive\Documents\Akash Panda\Django Project\kalahandi-tourism\.venv\Lib\site-packages\django\template\loader_tags.py", line 65, in render
    result = block.nodelist.render(context)
  File "C:\Users\91637\OneDrive\Documents\Akash Panda\Django Project\kalahandi-tourism\.venv\Lib\site-packages\django\template\base.py", line 1008, in render
    return SafeString("".join([node.render_annotated(context) for node in self]))
                               ~~~~~~~~~~~~~~~~~~~~~^^^^^^^^^
  File "C:\Users\91637\OneDrive\Documents\Akash Panda\Django Project\kalahandi-tourism\.venv\Lib\site-packages\django\template\base.py", line 969, in render_annotated
    return self.render(context)
           ~~~~~~~~~~~^^^^^^^^^
  File "C:\Users\91637\OneDrive\Documents\Akash Panda\Django Project\kalahandi-tourism\.venv\Lib\site-packages\django\contrib\admin\templatetags\base.py", line 45, in render
    return super().render(context)
           ~~~~~~~~~~~~~~^^^^^^^^^
  File "C:\Users\91637\OneDrive\Documents\Akash Panda\Django Project\kalahandi-tourism\.venv\Lib\site-packages\django\template\library.py", line 273, in render
    new_context = context.new(_dict)
  File "C:\Users\91637\OneDrive\Documents\Akash Panda\Django Project\kalahandi-tourism\.venv\Lib\site-packages\django\template\context.py", line 275, in new
    new_context = super().new(values)
  File "C:\Users\91637\OneDrive\Documents\Akash Panda\Django Project\kalahandi-tourism\.venv\Lib\site-packages\django\template\context.py", line 112, in new
    new_context = copy(self)
  File "C:\Users\91637\AppData\Local\Python\pythoncore-3.14-64\Lib\copy.py", line 82, in copy
    return copier(x)
  File "C:\Users\91637\OneDrive\Documents\Akash Panda\Django Project\kalahandi-tourism\.venv\Lib\site-packages\django\template\context.py", line 160, in __copy__
    duplicate = super().__copy__()
  File "C:\Users\91637\OneDrive\Documents\Akash Panda\Django Project\kalahandi-tourism\.venv\Lib\site-packages\django\template\context.py", line 41, in __copy__
    duplicate.dicts = self.dicts[:]
    ^^^^^^^^^^^^^^^
AttributeError: 'super' object has no attribute 'dicts' and no __dict__ for setting new attributes
ERROR 2026-05-16 01:19:03,445 basehttp 11596 21072 "GET /admin/payments/payment/add/ HTTP/1.1" 500 437770
ERROR 2026-05-16 01:44:51,580 log 5300 15028 Internal Server Error: /admin/places/category/add/
Traceback (most recent call last):
  File "C:\Users\91637\OneDrive\Documents\Akash Panda\Django Project\kalahandi-tourism\.venv\Lib\site-packages\django\core\handlers\exception.py", line 55, in inner
    response = get_response(request)
  File "C:\Users\91637\OneDrive\Documents\Akash Panda\Django Project\kalahandi-tourism\.venv\Lib\site-packages\django\core\handlers\base.py", line 220, in _get_response
    response = response.render()
  File "C:\Users\91637\OneDrive\Documents\Akash Panda\Django Project\kalahandi-tourism\.venv\Lib\site-packages\django\template\response.py", line 114, in render
    self.content = self.rendered_content
                   ^^^^^^^^^^^^^^^^^^^^^
  File "C:\Users\91637\OneDrive\Documents\Akash Panda\Django Project\kalahandi-tourism\.venv\Lib\site-packages\django\template\response.py", line 92, in rendered_content
    return template.render(context, self._request)
           ~~~~~~~~~~~~~~~^^^^^^^^^^^^^^^^^^^^^^^^
  File "C:\Users\91637\OneDrive\Documents\Akash Panda\Django Project\kalahandi-tourism\.venv\Lib\site-packages\django\template\backends\django.py", line 107, in render
    return self.template.render(context)
           ~~~~~~~~~~~~~~~~~~~~^^^^^^^^^
  File "C:\Users\91637\OneDrive\Documents\Akash Panda\Django Project\kalahandi-tourism\.venv\Lib\site-packages\django\template\base.py", line 171, in render
    return self._render(context)
           ~~~~~~~~~~~~^^^^^^^^^
  File "C:\Users\91637\OneDrive\Documents\Akash Panda\Django Project\kalahandi-tourism\.venv\Lib\site-packages\django\template\base.py", line 163, in _render
    return self.nodelist.render(context)
           ~~~~~~~~~~~~~~~~~~~~^^^^^^^^^
  File "C:\Users\91637\OneDrive\Documents\Akash Panda\Django Project\kalahandi-tourism\.venv\Lib\site-packages\django\template\base.py", line 1008, in render
    return SafeString("".join([node.render_annotated(context) for node in self]))
                               ~~~~~~~~~~~~~~~~~~~~~^^^^^^^^^
  File "C:\Users\91637\OneDrive\Documents\Akash Panda\Django Project\kalahandi-tourism\.venv\Lib\site-packages\django\template\base.py", line 969, in render_annotated
    return self.render(context)
           ~~~~~~~~~~~^^^^^^^^^
  File "C:\Users\91637\OneDrive\Documents\Akash Panda\Django Project\kalahandi-tourism\.venv\Lib\site-packages\django\template\loader_tags.py", line 159, in render
    return compiled_parent._render(context)
           ~~~~~~~~~~~~~~~~~~~~~~~^^^^^^^^^
  File "C:\Users\91637\OneDrive\Documents\Akash Panda\Django Project\kalahandi-tourism\.venv\Lib\site-packages\django\template\base.py", line 163, in _render
    return self.nodelist.render(context)
           ~~~~~~~~~~~~~~~~~~~~^^^^^^^^^
  File "C:\Users\91637\OneDrive\Documents\Akash Panda\Django Project\kalahandi-tourism\.venv\Lib\site-packages\django\template\base.py", line 1008, in render
    return SafeString("".join([node.render_annotated(context) for node in self]))
                               ~~~~~~~~~~~~~~~~~~~~~^^^^^^^^^
  File "C:\Users\91637\OneDrive\Documents\Akash Panda\Django Project\kalahandi-tourism\.venv\Lib\site-packages\django\template\base.py", line 969, in render_annotated
    return self.render(context)
           ~~~~~~~~~~~^^^^^^^^^
  File "C:\Users\91637\OneDrive\Documents\Akash Panda\Django Project\kalahandi-tourism\.venv\Lib\site-packages\django\template\loader_tags.py", line 159, in render
    return compiled_parent._render(context)
           ~~~~~~~~~~~~~~~~~~~~~~~^^^^^^^^^
  File "C:\Users\91637\OneDrive\Documents\Akash Panda\Django Project\kalahandi-tourism\.venv\Lib\site-packages\django\template\base.py", line 163, in _render
    return self.nodelist.render(context)
           ~~~~~~~~~~~~~~~~~~~~^^^^^^^^^
  File "C:\Users\91637\OneDrive\Documents\Akash Panda\Django Project\kalahandi-tourism\.venv\Lib\site-packages\django\template\base.py", line 1008, in render
    return SafeString("".join([node.render_annotated(context) for node in self]))
                               ~~~~~~~~~~~~~~~~~~~~~^^^^^^^^^
  File "C:\Users\91637\OneDrive\Documents\Akash Panda\Django Project\kalahandi-tourism\.venv\Lib\site-packages\django\template\base.py", line 969, in render_annotated
    return self.render(context)
           ~~~~~~~~~~~^^^^^^^^^
  File "C:\Users\91637\OneDrive\Documents\Akash Panda\Django Project\kalahandi-tourism\.venv\Lib\site-packages\django\template\loader_tags.py", line 65, in render
    result = block.nodelist.render(context)
  File "C:\Users\91637\OneDrive\Documents\Akash Panda\Django Project\kalahandi-tourism\.venv\Lib\site-packages\django\template\base.py", line 1008, in render
    return SafeString("".join([node.render_annotated(context) for node in self]))
                               ~~~~~~~~~~~~~~~~~~~~~^^^^^^^^^
  File "C:\Users\91637\OneDrive\Documents\Akash Panda\Django Project\kalahandi-tourism\.venv\Lib\site-packages\django\template\base.py", line 969, in render_annotated
    return self.render(context)
           ~~~~~~~~~~~^^^^^^^^^
  File "C:\Users\91637\OneDrive\Documents\Akash Panda\Django Project\kalahandi-tourism\.venv\Lib\site-packages\django\template\loader_tags.py", line 65, in render
    result = block.nodelist.render(context)
  File "C:\Users\91637\OneDrive\Documents\Akash Panda\Django Project\kalahandi-tourism\.venv\Lib\site-packages\django\template\base.py", line 1008, in render
    return SafeString("".join([node.render_annotated(context) for node in self]))
                               ~~~~~~~~~~~~~~~~~~~~~^^^^^^^^^
  File "C:\Users\91637\OneDrive\Documents\Akash Panda\Django Project\kalahandi-tourism\.venv\Lib\site-packages\django\template\base.py", line 969, in render_annotated
    return self.render(context)
           ~~~~~~~~~~~^^^^^^^^^
  File "C:\Users\91637\OneDrive\Documents\Akash Panda\Django Project\kalahandi-tourism\.venv\Lib\site-packages\django\contrib\admin\templatetags\base.py", line 45, in render
    return super().render(context)
           ~~~~~~~~~~~~~~^^^^^^^^^
  File "C:\Users\91637\OneDrive\Documents\Akash Panda\Django Project\kalahandi-tourism\.venv\Lib\site-packages\django\template\library.py", line 273, in render
    new_context = context.new(_dict)
  File "C:\Users\91637\OneDrive\Documents\Akash Panda\Django Project\kalahandi-tourism\.venv\Lib\site-packages\django\template\context.py", line 275, in new
    new_context = super().new(values)
  File "C:\Users\91637\OneDrive\Documents\Akash Panda\Django Project\kalahandi-tourism\.venv\Lib\site-packages\django\template\context.py", line 112, in new
    new_context = copy(self)
  File "C:\Users\91637\AppData\Local\Python\pythoncore-3.14-64\Lib\copy.py", line 82, in copy
    return copier(x)
  File "C:\Users\91637\OneDrive\Documents\Akash Panda\Django Project\kalahandi-tourism\.venv\Lib\site-packages\django\template\context.py", line 160, in __copy__
    duplicate = super().__copy__()
  File "C:\Users\91637\OneDrive\Documents\Akash Panda\Django Project\kalahandi-tourism\.venv\Lib\site-packages\django\template\context.py", line 41, in __copy__
    duplicate.dicts = self.dicts[:]
    ^^^^^^^^^^^^^^^
AttributeError: 'super' object has no attribute 'dicts' and no __dict__ for setting new attributes
ERROR 2026-05-16 01:44:51,590 basehttp 5300 15028 "GET /admin/places/category/add/ HTTP/1.1" 500 437705
ERROR 2026-05-16 01:46:48,252 exception 6728 10304 Invalid HTTP_HOST header: 'testserver'. You may need to add 'testserver' to ALLOWED_HOSTS.
Traceback (most recent call last):
  File "C:\Users\91637\OneDrive\Documents\Akash Panda\Django Project\kalahandi-tourism\.venv\Lib\site-packages\django\core\handlers\exception.py", line 55, in inner
    response = get_response(request)
  File "C:\Users\91637\OneDrive\Documents\Akash Panda\Django Project\kalahandi-tourism\.venv\Lib\site-packages\django\utils\deprecation.py", line 128, in __call__
    response = self.process_request(request)
  File "C:\Users\91637\OneDrive\Documents\Akash Panda\Django Project\kalahandi-tourism\.venv\Lib\site-packages\django\middleware\common.py", line 48, in process_request
    host = request.get_host()
  File "C:\Users\91637\OneDrive\Documents\Akash Panda\Django Project\kalahandi-tourism\.venv\Lib\site-packages\django\http\request.py", line 151, in get_host
    raise DisallowedHost(msg)
django.core.exceptions.DisallowedHost: Invalid HTTP_HOST header: 'testserver'. You may need to add 'testserver' to ALLOWED_HOSTS.
ERROR 2026-05-16 01:54:42,130 exceptions 10952 12892 Unhandled exception: Error 10061 connecting to localhost:6379. No connection could be made because the target machine actively refused it.
Traceback (most recent call last):
  File "C:\Users\91637\OneDrive\Documents\Akash Panda\Django Project\kalahandi-tourism\.venv\Lib\site-packages\django_redis\cache.py", line 29, in _decorator
    return method(self, *args, **kwargs)
  File "C:\Users\91637\OneDrive\Documents\Akash Panda\Django Project\kalahandi-tourism\.venv\Lib\site-packages\django_redis\cache.py", line 99, in _get
    return self.client.get(key, default=default, version=version, client=client)
           ~~~~~~~~~~~~~~~^^^^^^^^^^^^^^^^^^^^^^^^^^^^^^^^^^^^^^^^^^^^^^^^^^^^^^
  File "C:\Users\91637\OneDrive\Documents\Akash Panda\Django Project\kalahandi-tourism\.venv\Lib\site-packages\django_redis\client\default.py", line 300, in get
    raise ConnectionInterrupted(connection=client) from e
django_redis.exceptions.ConnectionInterrupted: Redis ConnectionError: Error 10061 connecting to localhost:6379. No connection could be made because the target machine actively refused it.

During handling of the above exception, another exception occurred:

Traceback (most recent call last):
  File "C:\Users\91637\OneDrive\Documents\Akash Panda\Django Project\kalahandi-tourism\.venv\Lib\site-packages\rest_framework\views.py", line 503, in dispatch
    self.initial(request, *args, **kwargs)
    ~~~~~~~~~~~~^^^^^^^^^^^^^^^^^^^^^^^^^^
  File "C:\Users\91637\OneDrive\Documents\Akash Panda\Django Project\kalahandi-tourism\.venv\Lib\site-packages\rest_framework\views.py", line 422, in initial
    self.check_throttles(request)
    ~~~~~~~~~~~~~~~~~~~~^^^^^^^^^
  File "C:\Users\91637\OneDrive\Documents\Akash Panda\Django Project\kalahandi-tourism\.venv\Lib\site-packages\rest_framework\views.py", line 365, in check_throttles
    if not throttle.allow_request(request, self):
           ~~~~~~~~~~~~~~~~~~~~~~^^^^^^^^^^^^^^^
  File "C:\Users\91637\OneDrive\Documents\Akash Panda\Django Project\kalahandi-tourism\.venv\Lib\site-packages\rest_framework\throttling.py", line 123, in allow_request
    self.history = self.cache.get(self.key, [])
                   ~~~~~~~~~~~~~~^^^^^^^^^^^^^^
  File "C:\Users\91637\OneDrive\Documents\Akash Panda\Django Project\kalahandi-tourism\.venv\Lib\site-packages\django_redis\cache.py", line 92, in get
    value = self._get(key, default, version, client)
  File "C:\Users\91637\OneDrive\Documents\Akash Panda\Django Project\kalahandi-tourism\.venv\Lib\site-packages\django_redis\cache.py", line 36, in _decorator
    raise e.__cause__  # noqa: B904
    ^^^^^^^^^^^^^^^^^
  File "C:\Users\91637\OneDrive\Documents\Akash Panda\Django Project\kalahandi-tourism\.venv\Lib\site-packages\django_redis\client\default.py", line 298, in get
    value = client.get(key)
  File "C:\Users\91637\OneDrive\Documents\Akash Panda\Django Project\kalahandi-tourism\.venv\Lib\site-packages\redis\commands\core.py", line 2073, in get
    return self.execute_command("GET", name, keys=[name])
           ~~~~~~~~~~~~~~~~~~~~^^^^^^^^^^^^^^^^^^^^^^^^^^
  File "C:\Users\91637\OneDrive\Documents\Akash Panda\Django Project\kalahandi-tourism\.venv\Lib\site-packages\redis\client.py", line 716, in execute_command
    return self._execute_command(*args, **options)
           ~~~~~~~~~~~~~~~~~~~~~^^^^^^^^^^^^^^^^^^
  File "C:\Users\91637\OneDrive\Documents\Akash Panda\Django Project\kalahandi-tourism\.venv\Lib\site-packages\redis\client.py", line 722, in _execute_command
    conn = self.connection or pool.get_connection()
                              ~~~~~~~~~~~~~~~~~~~^^
  File "C:\Users\91637\OneDrive\Documents\Akash Panda\Django Project\kalahandi-tourism\.venv\Lib\site-packages\redis\utils.py", line 236, in wrapper
    return func(*args, **kwargs)
  File "C:\Users\91637\OneDrive\Documents\Akash Panda\Django Project\kalahandi-tourism\.venv\Lib\site-packages\redis\connection.py", line 3041, in get_connection
    connection.connect()
    ~~~~~~~~~~~~~~~~~~^^
  File "C:\Users\91637\OneDrive\Documents\Akash Panda\Django Project\kalahandi-tourism\.venv\Lib\site-packages\redis\connection.py", line 976, in connect
    self.retry.call_with_retry(
    ~~~~~~~~~~~~~~~~~~~~~~~~~~^
        lambda: self.connect_check_health(
        ^^^^^^^^^^^^^^^^^^^^^^^^^^^^^^^^^^
    ...<2 lines>...
        lambda error: self.disconnect(error),
        ^^^^^^^^^^^^^^^^^^^^^^^^^^^^^^^^^^^^^
    )
    ^
  File "C:\Users\91637\OneDrive\Documents\Akash Panda\Django Project\kalahandi-tourism\.venv\Lib\site-packages\redis\retry.py", line 132, in call_with_retry
    raise error
  File "C:\Users\91637\OneDrive\Documents\Akash Panda\Django Project\kalahandi-tourism\.venv\Lib\site-packages\redis\retry.py", line 120, in call_with_retry
    return do()
  File "C:\Users\91637\OneDrive\Documents\Akash Panda\Django Project\kalahandi-tourism\.venv\Lib\site-packages\redis\connection.py", line 977, in <lambda>
    lambda: self.connect_check_health(
            ~~~~~~~~~~~~~~~~~~~~~~~~~^
        check_health=True, retry_socket_connect=False
        ^^^^^^^^^^^^^^^^^^^^^^^^^^^^^^^^^^^^^^^^^^^^^
    ),
    ^
  File "C:\Users\91637\OneDrive\Documents\Akash Panda\Django Project\kalahandi-tourism\.venv\Lib\site-packages\redis\connection.py", line 1025, in connect_check_health
    raise e
redis.exceptions.ConnectionError: Error 10061 connecting to localhost:6379. No connection could be made because the target machine actively refused it.
ERROR 2026-05-16 01:54:42,363 log 10952 12892 Internal Server Error: /api/places/
ERROR 2026-05-16 01:54:46,442 exceptions 10952 12892 Unhandled exception: Error 10061 connecting to localhost:6379. No connection could be made because the target machine actively refused it.
Traceback (most recent call last):
  File "C:\Users\91637\OneDrive\Documents\Akash Panda\Django Project\kalahandi-tourism\.venv\Lib\site-packages\django_redis\cache.py", line 29, in _decorator
    return method(self, *args, **kwargs)
  File "C:\Users\91637\OneDrive\Documents\Akash Panda\Django Project\kalahandi-tourism\.venv\Lib\site-packages\django_redis\cache.py", line 99, in _get
    return self.client.get(key, default=default, version=version, client=client)
           ~~~~~~~~~~~~~~~^^^^^^^^^^^^^^^^^^^^^^^^^^^^^^^^^^^^^^^^^^^^^^^^^^^^^^
  File "C:\Users\91637\OneDrive\Documents\Akash Panda\Django Project\kalahandi-tourism\.venv\Lib\site-packages\django_redis\client\default.py", line 300, in get
    raise ConnectionInterrupted(connection=client) from e
django_redis.exceptions.ConnectionInterrupted: Redis ConnectionError: Error 10061 connecting to localhost:6379. No connection could be made because the target machine actively refused it.

During handling of the above exception, another exception occurred:

Traceback (most recent call last):
  File "C:\Users\91637\OneDrive\Documents\Akash Panda\Django Project\kalahandi-tourism\.venv\Lib\site-packages\rest_framework\views.py", line 503, in dispatch
    self.initial(request, *args, **kwargs)
    ~~~~~~~~~~~~^^^^^^^^^^^^^^^^^^^^^^^^^^
  File "C:\Users\91637\OneDrive\Documents\Akash Panda\Django Project\kalahandi-tourism\.venv\Lib\site-packages\rest_framework\views.py", line 422, in initial
    self.check_throttles(request)
    ~~~~~~~~~~~~~~~~~~~~^^^^^^^^^
  File "C:\Users\91637\OneDrive\Documents\Akash Panda\Django Project\kalahandi-tourism\.venv\Lib\site-packages\rest_framework\views.py", line 365, in check_throttles
    if not throttle.allow_request(request, self):
           ~~~~~~~~~~~~~~~~~~~~~~^^^^^^^^^^^^^^^
  File "C:\Users\91637\OneDrive\Documents\Akash Panda\Django Project\kalahandi-tourism\.venv\Lib\site-packages\rest_framework\throttling.py", line 123, in allow_request
    self.history = self.cache.get(self.key, [])
                   ~~~~~~~~~~~~~~^^^^^^^^^^^^^^
  File "C:\Users\91637\OneDrive\Documents\Akash Panda\Django Project\kalahandi-tourism\.venv\Lib\site-packages\django_redis\cache.py", line 92, in get
    value = self._get(key, default, version, client)
  File "C:\Users\91637\OneDrive\Documents\Akash Panda\Django Project\kalahandi-tourism\.venv\Lib\site-packages\django_redis\cache.py", line 36, in _decorator
    raise e.__cause__  # noqa: B904
    ^^^^^^^^^^^^^^^^^
  File "C:\Users\91637\OneDrive\Documents\Akash Panda\Django Project\kalahandi-tourism\.venv\Lib\site-packages\django_redis\client\default.py", line 298, in get
    value = client.get(key)
  File "C:\Users\91637\OneDrive\Documents\Akash Panda\Django Project\kalahandi-tourism\.venv\Lib\site-packages\redis\commands\core.py", line 2073, in get
    return self.execute_command("GET", name, keys=[name])
           ~~~~~~~~~~~~~~~~~~~~^^^^^^^^^^^^^^^^^^^^^^^^^^
  File "C:\Users\91637\OneDrive\Documents\Akash Panda\Django Project\kalahandi-tourism\.venv\Lib\site-packages\redis\client.py", line 716, in execute_command
    return self._execute_command(*args, **options)
           ~~~~~~~~~~~~~~~~~~~~~^^^^^^^^^^^^^^^^^^
  File "C:\Users\91637\OneDrive\Documents\Akash Panda\Django Project\kalahandi-tourism\.venv\Lib\site-packages\redis\client.py", line 722, in _execute_command
    conn = self.connection or pool.get_connection()
                              ~~~~~~~~~~~~~~~~~~~^^
  File "C:\Users\91637\OneDrive\Documents\Akash Panda\Django Project\kalahandi-tourism\.venv\Lib\site-packages\redis\utils.py", line 236, in wrapper
    return func(*args, **kwargs)
  File "C:\Users\91637\OneDrive\Documents\Akash Panda\Django Project\kalahandi-tourism\.venv\Lib\site-packages\redis\connection.py", line 3041, in get_connection
    connection.connect()
    ~~~~~~~~~~~~~~~~~~^^
  File "C:\Users\91637\OneDrive\Documents\Akash Panda\Django Project\kalahandi-tourism\.venv\Lib\site-packages\redis\connection.py", line 976, in connect
    self.retry.call_with_retry(
    ~~~~~~~~~~~~~~~~~~~~~~~~~~^
        lambda: self.connect_check_health(
        ^^^^^^^^^^^^^^^^^^^^^^^^^^^^^^^^^^
    ...<2 lines>...
        lambda error: self.disconnect(error),
        ^^^^^^^^^^^^^^^^^^^^^^^^^^^^^^^^^^^^^
    )
    ^
  File "C:\Users\91637\OneDrive\Documents\Akash Panda\Django Project\kalahandi-tourism\.venv\Lib\site-packages\redis\retry.py", line 132, in call_with_retry
    raise error
  File "C:\Users\91637\OneDrive\Documents\Akash Panda\Django Project\kalahandi-tourism\.venv\Lib\site-packages\redis\retry.py", line 120, in call_with_retry
    return do()
  File "C:\Users\91637\OneDrive\Documents\Akash Panda\Django Project\kalahandi-tourism\.venv\Lib\site-packages\redis\connection.py", line 977, in <lambda>
    lambda: self.connect_check_health(
            ~~~~~~~~~~~~~~~~~~~~~~~~~^
        check_health=True, retry_socket_connect=False
        ^^^^^^^^^^^^^^^^^^^^^^^^^^^^^^^^^^^^^^^^^^^^^
    ),
    ^
  File "C:\Users\91637\OneDrive\Documents\Akash Panda\Django Project\kalahandi-tourism\.venv\Lib\site-packages\redis\connection.py", line 1025, in connect_check_health
    raise e
redis.exceptions.ConnectionError: Error 10061 connecting to localhost:6379. No connection could be made because the target machine actively refused it.
ERROR 2026-05-16 01:54:46,447 log 10952 12892 Internal Server Error: /api/places/categories/
ERROR 2026-05-16 01:56:28,272 exception 21792 22172 Invalid HTTP_HOST header: 'testserver'. You may need to add 'testserver' to ALLOWED_HOSTS.
Traceback (most recent call last):
  File "C:\Users\91637\OneDrive\Documents\Akash Panda\Django Project\kalahandi-tourism\.venv\Lib\site-packages\django\core\handlers\exception.py", line 55, in inner
    response = get_response(request)
  File "C:\Users\91637\OneDrive\Documents\Akash Panda\Django Project\kalahandi-tourism\.venv\Lib\site-packages\django\utils\deprecation.py", line 128, in __call__
    response = self.process_request(request)
  File "C:\Users\91637\OneDrive\Documents\Akash Panda\Django Project\kalahandi-tourism\.venv\Lib\site-packages\django\middleware\common.py", line 48, in process_request
    host = request.get_host()
  File "C:\Users\91637\OneDrive\Documents\Akash Panda\Django Project\kalahandi-tourism\.venv\Lib\site-packages\django\http\request.py", line 151, in get_host
    raise DisallowedHost(msg)
django.core.exceptions.DisallowedHost: Invalid HTTP_HOST header: 'testserver'. You may need to add 'testserver' to ALLOWED_HOSTS.
ERROR 2026-05-16 01:58:53,790 log 10604 14668 Internal Server Error: /admin/django_celery_results/groupresult/
Traceback (most recent call last):
  File "C:\Users\91637\OneDrive\Documents\Akash Panda\Django Project\kalahandi-tourism\.venv\Lib\site-packages\django\db\backends\utils.py", line 105, in _execute
    return self.cursor.execute(sql, params)
           ~~~~~~~~~~~~~~~~~~~^^^^^^^^^^^^^
  File "C:\Users\91637\OneDrive\Documents\Akash Panda\Django Project\kalahandi-tourism\.venv\Lib\site-packages\django\db\backends\sqlite3\base.py", line 354, in execute
    return super().execute(query, params)
           ~~~~~~~~~~~~~~~^^^^^^^^^^^^^^^
sqlite3.OperationalError: no such table: django_celery_results_groupresult

The above exception was the direct cause of the following exception:

Traceback (most recent call last):
  File "C:\Users\91637\OneDrive\Documents\Akash Panda\Django Project\kalahandi-tourism\.venv\Lib\site-packages\django\core\handlers\exception.py", line 55, in inner
    response = get_response(request)
  File "C:\Users\91637\OneDrive\Documents\Akash Panda\Django Project\kalahandi-tourism\.venv\Lib\site-packages\django\core\handlers\base.py", line 197, in _get_response
    response = wrapped_callback(request, *callback_args, **callback_kwargs)
  File "C:\Users\91637\OneDrive\Documents\Akash Panda\Django Project\kalahandi-tourism\.venv\Lib\site-packages\django\contrib\admin\options.py", line 718, in wrapper
    return self.admin_site.admin_view(view)(*args, **kwargs)
           ~~~~~~~~~~~~~~~~~~~~~~~~~~~~~~~~^^^^^^^^^^^^^^^^^
  File "C:\Users\91637\OneDrive\Documents\Akash Panda\Django Project\kalahandi-tourism\.venv\Lib\site-packages\django\utils\decorators.py", line 188, in _view_wrapper
    result = _process_exception(request, e)
  File "C:\Users\91637\OneDrive\Documents\Akash Panda\Django Project\kalahandi-tourism\.venv\Lib\site-packages\django\utils\decorators.py", line 186, in _view_wrapper
    response = view_func(request, *args, **kwargs)
  File "C:\Users\91637\OneDrive\Documents\Akash Panda\Django Project\kalahandi-tourism\.venv\Lib\site-packages\django\views\decorators\cache.py", line 80, in _view_wrapper
    response = view_func(request, *args, **kwargs)
  File "C:\Users\91637\OneDrive\Documents\Akash Panda\Django Project\kalahandi-tourism\.venv\Lib\site-packages\django\contrib\admin\sites.py", line 241, in inner
    return view(request, *args, **kwargs)
  File "C:\Users\91637\OneDrive\Documents\Akash Panda\Django Project\kalahandi-tourism\.venv\Lib\site-packages\django\utils\decorators.py", line 48, in _wrapper
    return bound_method(*args, **kwargs)
  File "C:\Users\91637\OneDrive\Documents\Akash Panda\Django Project\kalahandi-tourism\.venv\Lib\site-packages\django\utils\decorators.py", line 188, in _view_wrapper
    result = _process_exception(request, e)
  File "C:\Users\91637\OneDrive\Documents\Akash Panda\Django Project\kalahandi-tourism\.venv\Lib\site-packages\django\utils\decorators.py", line 186, in _view_wrapper
    response = view_func(request, *args, **kwargs)
  File "C:\Users\91637\OneDrive\Documents\Akash Panda\Django Project\kalahandi-tourism\.venv\Lib\site-packages\django\contrib\admin\options.py", line 2001, in changelist_view
    cl = self.get_changelist_instance(request)
  File "C:\Users\91637\OneDrive\Documents\Akash Panda\Django Project\kalahandi-tourism\.venv\Lib\site-packages\django\contrib\admin\options.py", line 866, in get_changelist_instance
    return ChangeList(
        request,
    ...<12 lines>...
        self.search_help_text,
    )
  File "C:\Users\91637\OneDrive\Documents\Akash Panda\Django Project\kalahandi-tourism\.venv\Lib\site-packages\django\contrib\admin\views\main.py", line 146, in __init__
    self.get_results(request)
    ~~~~~~~~~~~~~~~~^^^^^^^^^
  File "C:\Users\91637\OneDrive\Documents\Akash Panda\Django Project\kalahandi-tourism\.venv\Lib\site-packages\django\contrib\admin\views\main.py", line 313, in get_results
    result_count = paginator.count
                   ^^^^^^^^^^^^^^^
  File "C:\Users\91637\OneDrive\Documents\Akash Panda\Django Project\kalahandi-tourism\.venv\Lib\site-packages\django\utils\functional.py", line 47, in __get__
    res = instance.__dict__[self.name] = self.func(instance)
                                         ~~~~~~~~~^^^^^^^^^^
  File "C:\Users\91637\OneDrive\Documents\Akash Panda\Django Project\kalahandi-tourism\.venv\Lib\site-packages\django\core\paginator.py", line 110, in count
    return c()
  File "C:\Users\91637\OneDrive\Documents\Akash Panda\Django Project\kalahandi-tourism\.venv\Lib\site-packages\django\db\models\query.py", line 620, in count
    return self.query.get_count(using=self.db)
           ~~~~~~~~~~~~~~~~~~~~^^^^^^^^^^^^^^^
  File "C:\Users\91637\OneDrive\Documents\Akash Panda\Django Project\kalahandi-tourism\.venv\Lib\site-packages\django\db\models\sql\query.py", line 630, in get_count
    return obj.get_aggregation(using, {"__count": Count("*")})["__count"]
           ~~~~~~~~~~~~~~~~~~~^^^^^^^^^^^^^^^^^^^^^^^^^^^^^^^^
  File "C:\Users\91637\OneDrive\Documents\Akash Panda\Django Project\kalahandi-tourism\.venv\Lib\site-packages\django\db\models\sql\query.py", line 616, in get_aggregation
    result = compiler.execute_sql(SINGLE)
  File "C:\Users\91637\OneDrive\Documents\Akash Panda\Django Project\kalahandi-tourism\.venv\Lib\site-packages\django\db\models\sql\compiler.py", line 1574, in execute_sql
    cursor.execute(sql, params)
    ~~~~~~~~~~~~~~^^^^^^^^^^^^^
  File "C:\Users\91637\OneDrive\Documents\Akash Panda\Django Project\kalahandi-tourism\.venv\Lib\site-packages\django\db\backends\utils.py", line 122, in execute
    return super().execute(sql, params)
           ~~~~~~~~~~~~~~~^^^^^^^^^^^^^
  File "C:\Users\91637\OneDrive\Documents\Akash Panda\Django Project\kalahandi-tourism\.venv\Lib\site-packages\django\db\backends\utils.py", line 79, in execute
    return self._execute_with_wrappers(
           ~~~~~~~~~~~~~~~~~~~~~~~~~~~^
        sql, params, many=False, executor=self._execute
        ^^^^^^^^^^^^^^^^^^^^^^^^^^^^^^^^^^^^^^^^^^^^^^^
    )
    ^
  File "C:\Users\91637\OneDrive\Documents\Akash Panda\Django Project\kalahandi-tourism\.venv\Lib\site-packages\django\db\backends\utils.py", line 92, in _execute_with_wrappers
    return executor(sql, params, many, context)
  File "C:\Users\91637\OneDrive\Documents\Akash Panda\Django Project\kalahandi-tourism\.venv\Lib\site-packages\django\db\backends\utils.py", line 100, in _execute
    with self.db.wrap_database_errors:
         ^^^^^^^^^^^^^^^^^^^^^^^^^^^^
  File "C:\Users\91637\OneDrive\Documents\Akash Panda\Django Project\kalahandi-tourism\.venv\Lib\site-packages\django\db\utils.py", line 91, in __exit__
    raise dj_exc_value.with_traceback(traceback) from exc_value
  File "C:\Users\91637\OneDrive\Documents\Akash Panda\Django Project\kalahandi-tourism\.venv\Lib\site-packages\django\db\backends\utils.py", line 105, in _execute
    return self.cursor.execute(sql, params)
           ~~~~~~~~~~~~~~~~~~~^^^^^^^^^^^^^
  File "C:\Users\91637\OneDrive\Documents\Akash Panda\Django Project\kalahandi-tourism\.venv\Lib\site-packages\django\db\backends\sqlite3\base.py", line 354, in execute
    return super().execute(query, params)
           ~~~~~~~~~~~~~~~^^^^^^^^^^^^^^^
django.db.utils.OperationalError: no such table: django_celery_results_groupresult
ERROR 2026-05-16 01:58:53,823 basehttp 10604 14668 "GET /admin/django_celery_results/groupresult/ HTTP/1.1" 500 212632
ERROR 2026-05-16 19:14:28,101 exceptions 4312 10944 Unhandled exception: Invalid address ""
Traceback (most recent call last):
  File "C:\Users\91637\AppData\Local\Python\pythoncore-3.14-64\Lib\email\_header_value_parser.py", line 1836, in get_mailbox
    token, value = get_name_addr(value)
                   ~~~~~~~~~~~~~^^^^^^^
  File "C:\Users\91637\AppData\Local\Python\pythoncore-3.14-64\Lib\email\_header_value_parser.py", line 1800, in get_name_addr
    raise errors.HeaderParseError(
        "expected name-addr but found '{}'".format(value))
email.errors.HeaderParseError: expected name-addr but found ''

During handling of the above exception, another exception occurred:

Traceback (most recent call last):
  File "C:\Users\91637\AppData\Local\Python\pythoncore-3.14-64\Lib\email\_header_value_parser.py", line 1839, in get_mailbox
    token, value = get_addr_spec(value)
                   ~~~~~~~~~~~~~^^^^^^^
  File "C:\Users\91637\AppData\Local\Python\pythoncore-3.14-64\Lib\email\_header_value_parser.py", line 1677, in get_addr_spec
    token, value = get_local_part(value)
                   ~~~~~~~~~~~~~~^^^^^^^
  File "C:\Users\91637\AppData\Local\Python\pythoncore-3.14-64\Lib\email\_header_value_parser.py", line 1485, in get_local_part
    raise errors.HeaderParseError(
        "expected local-part but found '{}'".format(value))
email.errors.HeaderParseError: expected local-part but found ''

During handling of the above exception, another exception occurred:

Traceback (most recent call last):
  File "C:\Users\91637\OneDrive\Documents\Akash Panda\Django Project\kalahandi-tourism\.venv\Lib\site-packages\django\core\mail\message.py", line 86, in sanitize_address
    token, rest = parser.get_mailbox(addr)
                  ~~~~~~~~~~~~~~~~~~^^^^^^
  File "C:\Users\91637\AppData\Local\Python\pythoncore-3.14-64\Lib\email\_header_value_parser.py", line 1841, in get_mailbox
    raise errors.HeaderParseError(
        "expected mailbox but found '{}'".format(value))
email.errors.HeaderParseError: expected mailbox but found ''

During handling of the above exception, another exception occurred:

Traceback (most recent call last):
  File "C:\Users\91637\OneDrive\Documents\Akash Panda\Django Project\kalahandi-tourism\.venv\Lib\site-packages\rest_framework\views.py", line 512, in dispatch
    response = handler(request, *args, **kwargs)
  File "C:\Users\91637\OneDrive\Documents\Akash Panda\Django Project\kalahandi-tourism\.venv\Lib\site-packages\rest_framework\decorators.py", line 50, in handler
    return func(*args, **kwargs)
  File "C:\Users\91637\OneDrive\Documents\Akash Panda\Django Project\kalahandi-tourism\smart_tourism\views.py", line 47, in register
    verification_url, email_sent = send_verification_email(request, user)
                                   ~~~~~~~~~~~~~~~~~~~~~~~^^^^^^^^^^^^^^^
  File "C:\Users\91637\OneDrive\Documents\Akash Panda\Django Project\kalahandi-tourism\apps\users\views\auth_views.py", line 48, in send_verification_email
    sent = send_mail(
        subject,
    ...<3 lines>...
        fail_silently=True,
    )
  File "C:\Users\91637\OneDrive\Documents\Akash Panda\Django Project\kalahandi-tourism\.venv\Lib\site-packages\django\core\mail\__init__.py", line 88, in send_mail
    return mail.send()
           ~~~~~~~~~^^
  File "C:\Users\91637\OneDrive\Documents\Akash Panda\Django Project\kalahandi-tourism\.venv\Lib\site-packages\django\core\mail\message.py", line 301, in send
    return self.get_connection(fail_silently).send_messages([self])
           ~~~~~~~~~~~~~~~~~~~~~~~~~~~~~~~~~~~~~~~~~~~~~~~~^^^^^^^^
  File "C:\Users\91637\OneDrive\Documents\Akash Panda\Django Project\kalahandi-tourism\.venv\Lib\site-packages\django\core\mail\backends\smtp.py", line 136, in send_messages
    sent = self._send(message)
  File "C:\Users\91637\OneDrive\Documents\Akash Panda\Django Project\kalahandi-tourism\.venv\Lib\site-packages\django\core\mail\backends\smtp.py", line 149, in _send
    from_email = sanitize_address(email_message.from_email, encoding)
  File "C:\Users\91637\OneDrive\Documents\Akash Panda\Django Project\kalahandi-tourism\.venv\Lib\site-packages\django\core\mail\message.py", line 88, in sanitize_address
    raise ValueError('Invalid address "%s"' % addr)
ValueError: Invalid address ""
ERROR 2026-05-16 19:14:28,420 log 4312 10944 Internal Server Error: /api/register/
ERROR 2026-05-16 19:14:28,422 basehttp 4312 10944 "POST /api/register/ HTTP/1.1" 500 130
ERROR 2026-05-16 19:15:00,842 exceptions 4312 2908 Unhandled exception: Invalid address ""
Traceback (most recent call last):
  File "C:\Users\91637\AppData\Local\Python\pythoncore-3.14-64\Lib\email\_header_value_parser.py", line 1836, in get_mailbox
    token, value = get_name_addr(value)
                   ~~~~~~~~~~~~~^^^^^^^
  File "C:\Users\91637\AppData\Local\Python\pythoncore-3.14-64\Lib\email\_header_value_parser.py", line 1800, in get_name_addr
    raise errors.HeaderParseError(
        "expected name-addr but found '{}'".format(value))
email.errors.HeaderParseError: expected name-addr but found ''

During handling of the above exception, another exception occurred:

Traceback (most recent call last):
  File "C:\Users\91637\AppData\Local\Python\pythoncore-3.14-64\Lib\email\_header_value_parser.py", line 1839, in get_mailbox
    token, value = get_addr_spec(value)
                   ~~~~~~~~~~~~~^^^^^^^
  File "C:\Users\91637\AppData\Local\Python\pythoncore-3.14-64\Lib\email\_header_value_parser.py", line 1677, in get_addr_spec
    token, value = get_local_part(value)
                   ~~~~~~~~~~~~~~^^^^^^^
  File "C:\Users\91637\AppData\Local\Python\pythoncore-3.14-64\Lib\email\_header_value_parser.py", line 1485, in get_local_part
    raise errors.HeaderParseError(
        "expected local-part but found '{}'".format(value))
email.errors.HeaderParseError: expected local-part but found ''

During handling of the above exception, another exception occurred:

Traceback (most recent call last):
  File "C:\Users\91637\OneDrive\Documents\Akash Panda\Django Project\kalahandi-tourism\.venv\Lib\site-packages\django\core\mail\message.py", line 86, in sanitize_address
    token, rest = parser.get_mailbox(addr)
                  ~~~~~~~~~~~~~~~~~~^^^^^^
  File "C:\Users\91637\AppData\Local\Python\pythoncore-3.14-64\Lib\email\_header_value_parser.py", line 1841, in get_mailbox
    raise errors.HeaderParseError(
        "expected mailbox but found '{}'".format(value))
email.errors.HeaderParseError: expected mailbox but found ''

During handling of the above exception, another exception occurred:

Traceback (most recent call last):
  File "C:\Users\91637\OneDrive\Documents\Akash Panda\Django Project\kalahandi-tourism\.venv\Lib\site-packages\rest_framework\views.py", line 512, in dispatch
    response = handler(request, *args, **kwargs)
  File "C:\Users\91637\OneDrive\Documents\Akash Panda\Django Project\kalahandi-tourism\apps\users\views\auth_views.py", line 159, in post
    verification_url, email_sent = send_verification_email(request, request.user)
                                   ~~~~~~~~~~~~~~~~~~~~~~~^^^^^^^^^^^^^^^^^^^^^^^
  File "C:\Users\91637\OneDrive\Documents\Akash Panda\Django Project\kalahandi-tourism\apps\users\views\auth_views.py", line 48, in send_verification_email
    sent = send_mail(
        subject,
    ...<3 lines>...
        fail_silently=True,
    )
  File "C:\Users\91637\OneDrive\Documents\Akash Panda\Django Project\kalahandi-tourism\.venv\Lib\site-packages\django\core\mail\__init__.py", line 88, in send_mail
    return mail.send()
           ~~~~~~~~~^^
  File "C:\Users\91637\OneDrive\Documents\Akash Panda\Django Project\kalahandi-tourism\.venv\Lib\site-packages\django\core\mail\message.py", line 301, in send
    return self.get_connection(fail_silently).send_messages([self])
           ~~~~~~~~~~~~~~~~~~~~~~~~~~~~~~~~~~~~~~~~~~~~~~~~^^^^^^^^
  File "C:\Users\91637\OneDrive\Documents\Akash Panda\Django Project\kalahandi-tourism\.venv\Lib\site-packages\django\core\mail\backends\smtp.py", line 136, in send_messages
    sent = self._send(message)
  File "C:\Users\91637\OneDrive\Documents\Akash Panda\Django Project\kalahandi-tourism\.venv\Lib\site-packages\django\core\mail\backends\smtp.py", line 149, in _send
    from_email = sanitize_address(email_message.from_email, encoding)
  File "C:\Users\91637\OneDrive\Documents\Akash Panda\Django Project\kalahandi-tourism\.venv\Lib\site-packages\django\core\mail\message.py", line 88, in sanitize_address
    raise ValueError('Invalid address "%s"' % addr)
ValueError: Invalid address ""
ERROR 2026-05-16 19:15:00,885 log 4312 2908 Internal Server Error: /api/resend-verification/
ERROR 2026-05-16 19:15:00,903 basehttp 4312 2908 "POST /api/resend-verification/ HTTP/1.1" 500 130
